{"EuropeanParliamentEmissionPerformanceStandardsEU":[{"name":"Emission Standards","value":"Euro 5 Standard"},{"name":"Engine Type","value":"PETROL"},{"name":"First Registration Date","value":"2020-01-01"},{"name":"Vehicle Classification Type","value":"M_1_PASSENGERS"},{"name":"Vehicle Registration ID","value":"X1"},{"name":"No carbon pls","value":"0"}]}